agmartin@debian.org,
alvar@meiko.co.uk,
aron@debian.org,
ben.howard@canonical.com,
benny@xfce.org,
branden@debian.org,
brian@canonical.com,
christian@iwakd.de,
clameter@debian.org,
debian-printing@lists.debian.org,
debian-x@lists.debian.org,
e2scrub@host.domain.name,
ejad@debian.org,
ejka@imfi.kspu.ru,
Elrond@Wunder-Nett.org,
filippo@debian.org,
icons-128x128@2.tar,
icons-64x64@2.tar,
intrigeri@boum.org,
iwamatsu@debian.org,
jamie@canonical.com,
jfs@debian.org,
jmknoble@mercury.interpath.net,
jon@jon.demon.co.uk,
jplejacq@quoininc.com,
jtang@tresys.com,
kees@ubuntu.com,
kel@otaku42.de,
kirkland@byobu.org,
kirkland@canonical.com,
kurtz.alex@googlemail.com,
mario_limonciello@dell.com,
martin.pitt@ubuntu.com,
martin@piware.de,
mdz@debian.org,
mike@piratehaven.org,
osamu@debian.org,
pkg-wpa-devel@lists.alioth.debian.org,
rafael@debian.org,
robert.ancell@canonical.com,
scott.moser@ubuntu.com,
sjoerd@debian.org,
skunk@iSKUNK.ORG,
steve.beattie@canonical.com,
steve.langasek@canonical.com,
thomas@fiasko-nw.net,
tytso@mit.edu,
umac-64@openssh.com,
user@example.com,
username@site.domain,
walters@debian.org,
wibble@foo.example.net,
